// Jest Snapshot v1, https://goo.gl/fbAQLP

exports[`Shoult create new Snapshot with this props 1`] = `
<button
  className="btn waves-effect waves-light btn-large btn-floating main-icon grey lighten-2"
  disabled={false}
  icon="remove_red_eye"
  onClick={[Function]}
>
  <i
    className="material-icons"
  >
    remove_red_eye
  </i>
</button>
`;
